00:08:19 **** Incremental Build of configuration Debug for project DDS-generator-sinc-corrected ****
make -j4 all 
arm-none-eabi-gcc "../Core/Src/main.c" -mcpu=cortex-m4 -std=gnu11 -g3 -DDEBUG -DARM_MATH_CM4 -DUSE_HAL_DRIVER -DSTM32F407xx -c -I../Core/Inc -I"D:/GitHub/DSP-Architecture-Lab/DAC/CubeIDE-ver/DDS-generator-sinc-corrected/Drivers/CMSIS/DSP" -I../Drivers/STM32F4xx_HAL_Driver/Inc -I../Drivers/STM32F4xx_HAL_Driver/Inc/Legacy -I../Drivers/CMSIS/Device/ST/STM32F4xx/Include -I../Drivers/CMSIS/Include -O0 -ffunction-sections -fdata-sections -Wall -fstack-usage -MMD -MP -MF"Core/Src/main.d" -MT"Core/Src/main.o" --specs=nano.specs -mfpu=fpv4-sp-d16 -mfloat-abi=hard -mthumb -o "Core/Src/main.o"
../Core/Src/main.c: In function 'main':
../Core/Src/main.c:341:32: warning: passing argument 3 of 'arm_fir_init_q15' discards 'const' qualifier from pointer target type [-Wdiscarded-qualifiers]
  341 |   arm_fir_init_q15(&S, FT_NUM, &filter_taps_2[0], &firStateQ15[0], BLOCK_SIZE);
      |                                ^~~~~~~~~~~~~~~~~
In file included from ../Core/Src/main.c:22:
D:/GitHub/DSP-Architecture-Lab/DAC/CubeIDE-ver/DDS-generator-sinc-corrected/Drivers/CMSIS/DSP/arm_math.h:1119:11: note: expected 'q15_t *' {aka 'short int *'} but argument is of type 'const int16_t *' {aka 'const short int *'}
 1119 |   q15_t * pCoeffs,
      |   ~~~~~~~~^~~~~~~
arm-none-eabi-gcc -o "DDS-generator-sinc-corrected.elf" @"objects.list"  -larm_cortexM4lf_math -mcpu=cortex-m4 -T"D:\GitHub\DSP-Architecture-Lab\DAC\CubeIDE-ver\DDS-generator-sinc-corrected\STM32F407VGTX_FLASH.ld" --specs=nosys.specs -Wl,-Map="DDS-generator-sinc-corrected.map" -Wl,--gc-sections -static -L"D:\GitHub\DSP-Architecture-Lab\DAC\CubeIDE-ver\DDS-generator-sinc-corrected\Drivers\CMSIS\Lib\GCC" --specs=nano.specs -mfpu=fpv4-sp-d16 -mfloat-abi=hard -mthumb -Wl,--start-group -lc -lm -Wl,--end-group
Finished building target: DDS-generator-sinc-corrected.elf
 
arm-none-eabi-size   DDS-generator-sinc-corrected.elf 
arm-none-eabi-objdump -h -S  DDS-generator-sinc-corrected.elf  > "DDS-generator-sinc-corrected.list"
arm-none-eabi-objcopy  -O binary  DDS-generator-sinc-corrected.elf  "DDS-generator-sinc-corrected.bin"
   text	   data	    bss	    dec	    hex	filename
  13364	   4132	   1924	  19420	   4bdc	DDS-generator-sinc-corrected.elf
Finished building: default.size.stdout
 
Finished building: DDS-generator-sinc-corrected.bin
 
Finished building: DDS-generator-sinc-corrected.list
 

00:08:20 Build Finished. 0 errors, 1 warnings. (took 1s.229ms)

