18:20:29 **** Incremental Build of configuration Debug for project DDS-generator ****
make -j6 all 
arm-none-eabi-gcc -o "DDS-generator.elf" @"objects.list"  -larm_cortexM4lf_math -mcpu=cortex-m4 -T"D:\GitHub\DSP-Architecture-Lab\DAC\CubeIDE-ver\DDS-generator\STM32F407VGTX_FLASH.ld" --specs=nosys.specs -Wl,-Map="DDS-generator.map" -Wl,--gc-sections -static -L"D:\GitHub\DSP-Architecture-Lab\DAC\CubeIDE-ver\DDS-generator\Drivers\CMSIS\Lib\GCC" --specs=nano.specs -mfpu=fpv4-sp-d16 -mfloat-abi=hard -mthumb -Wl,--start-group -lc -lm -Wl,--end-group
Finished building target: DDS-generator.elf
 
arm-none-eabi-size   DDS-generator.elf 
arm-none-eabi-objdump -h -S  DDS-generator.elf  > "DDS-generator.list"
arm-none-eabi-objcopy  -O binary  DDS-generator.elf  "DDS-generator.bin"
   text	   data	    bss	    dec	    hex	filename
  12264	   2084	   1804	  16152	   3f18	DDS-generator.elf
Finished building: default.size.stdout
 
Finished building: DDS-generator.bin
 
Finished building: DDS-generator.list
 

18:20:30 Build Finished. 0 errors, 0 warnings. (took 561ms)

