09:04:45 **** Incremental Build of configuration Debug for project DDS-generator ****
make -j4 all 
arm-none-eabi-gcc "../Core/Src/main.c" -mcpu=cortex-m4 -std=gnu11 -g3 -DDEBUG -DUSE_HAL_DRIVER -DSTM32F407xx -c -I../Core/Inc -I../Drivers/STM32F4xx_HAL_Driver/Inc -I../Drivers/STM32F4xx_HAL_Driver/Inc/Legacy -I../Drivers/CMSIS/Device/ST/STM32F4xx/Include -I../Drivers/CMSIS/Include -O0 -ffunction-sections -fdata-sections -Wall -fstack-usage -MMD -MP -MF"Core/Src/main.d" -MT"Core/Src/main.o" --specs=nano.specs -mfpu=fpv4-sp-d16 -mfloat-abi=hard -mthumb -o "Core/Src/main.o"
arm-none-eabi-gcc -o "DDS-generator.elf" @"objects.list"   -mcpu=cortex-m4 -T"D:\GitHub\DSP-Architecture-Lab\DAC\CubeIDE-ver\DDS-generator\STM32F407VGTX_FLASH.ld" --specs=nosys.specs -Wl,-Map="DDS-generator.map" -Wl,--gc-sections -static --specs=nano.specs -mfpu=fpv4-sp-d16 -mfloat-abi=hard -mthumb -Wl,--start-group -lc -lm -Wl,--end-group
Finished building target: DDS-generator.elf
 
arm-none-eabi-size   DDS-generator.elf 
arm-none-eabi-objdump -h -S  DDS-generator.elf  > "DDS-generator.list"
arm-none-eabi-objcopy  -O binary  DDS-generator.elf  "DDS-generator.bin"
   text	   data	    bss	    dec	    hex	filename
  12180	   2072	   1800	  16052	   3eb4	DDS-generator.elf
Finished building: default.size.stdout
 
Finished building: DDS-generator.bin
 
Finished building: DDS-generator.list
 
09:08:25 **** Incremental Build of configuration Debug for project DDS-generator ****
make -j4 all 
arm-none-eabi-size   DDS-generator.elf 
   text	   data	    bss	    dec	    hex	filename
  12180	   2072	   1800	  16052	   3eb4	DDS-generator.elf
Finished building: default.size.stdout
 
09:12:17 **** Incremental Build of configuration Debug for project DDS-generator ****
make -j4 all 
arm-none-eabi-gcc "../Core/Src/main.c" -mcpu=cortex-m4 -std=gnu11 -g3 -DDEBUG -DUSE_HAL_DRIVER -DSTM32F407xx -c -I../Core/Inc -I../Drivers/STM32F4xx_HAL_Driver/Inc -I../Drivers/STM32F4xx_HAL_Driver/Inc/Legacy -I../Drivers/CMSIS/Device/ST/STM32F4xx/Include -I../Drivers/CMSIS/Include -O0 -ffunction-sections -fdata-sections -Wall -fstack-usage -MMD -MP -MF"Core/Src/main.d" -MT"Core/Src/main.o" --specs=nano.specs -mfpu=fpv4-sp-d16 -mfloat-abi=hard -mthumb -o "Core/Src/main.o"
arm-none-eabi-gcc -o "DDS-generator.elf" @"objects.list"   -mcpu=cortex-m4 -T"D:\GitHub\DSP-Architecture-Lab\DAC\CubeIDE-ver\DDS-generator\STM32F407VGTX_FLASH.ld" --specs=nosys.specs -Wl,-Map="DDS-generator.map" -Wl,--gc-sections -static --specs=nano.specs -mfpu=fpv4-sp-d16 -mfloat-abi=hard -mthumb -Wl,--start-group -lc -lm -Wl,--end-group
Finished building target: DDS-generator.elf
 
arm-none-eabi-size   DDS-generator.elf 
arm-none-eabi-objdump -h -S  DDS-generator.elf  > "DDS-generator.list"
arm-none-eabi-objcopy  -O binary  DDS-generator.elf  "DDS-generator.bin"
   text	   data	    bss	    dec	    hex	filename
  12180	   2072	   1800	  16052	   3eb4	DDS-generator.elf
Finished building: default.size.stdout
 
Finished building: DDS-generator.bin
 
Finished building: DDS-generator.list
 
09:30:56 **** Incremental Build of configuration Debug for project DDS-generator ****
make -j4 all 
arm-none-eabi-gcc "../Core/Src/main.c" -mcpu=cortex-m4 -std=gnu11 -g3 -DDEBUG -DUSE_HAL_DRIVER -DSTM32F407xx -c -I../Core/Inc -I../Drivers/STM32F4xx_HAL_Driver/Inc -I../Drivers/STM32F4xx_HAL_Driver/Inc/Legacy -I../Drivers/CMSIS/Device/ST/STM32F4xx/Include -I../Drivers/CMSIS/Include -O0 -ffunction-sections -fdata-sections -Wall -fstack-usage -MMD -MP -MF"Core/Src/main.d" -MT"Core/Src/main.o" --specs=nano.specs -mfpu=fpv4-sp-d16 -mfloat-abi=hard -mthumb -o "Core/Src/main.o"
../Core/Src/main.c:201:13: warning: 'dds_freq_increment' declared 'static' but never defined [-Wunused-function]
  201 | static void dds_freq_increment();
      |             ^~~~~~~~~~~~~~~~~~
arm-none-eabi-gcc -o "DDS-generator.elf" @"objects.list"   -mcpu=cortex-m4 -T"D:\GitHub\DSP-Architecture-Lab\DAC\CubeIDE-ver\DDS-generator\STM32F407VGTX_FLASH.ld" --specs=nosys.specs -Wl,-Map="DDS-generator.map" -Wl,--gc-sections -static --specs=nano.specs -mfpu=fpv4-sp-d16 -mfloat-abi=hard -mthumb -Wl,--start-group -lc -lm -Wl,--end-group
Finished building target: DDS-generator.elf
 
arm-none-eabi-size   DDS-generator.elf 
arm-none-eabi-objdump -h -S  DDS-generator.elf  > "DDS-generator.list"
arm-none-eabi-objcopy  -O binary  DDS-generator.elf  "DDS-generator.bin"
   text	   data	    bss	    dec	    hex	filename
  12264	   2084	   1804	  16152	   3f18	DDS-generator.elf
Finished building: default.size.stdout
 
Finished building: DDS-generator.bin
 
Finished building: DDS-generator.list
 
09:33:39 **** Incremental Build of configuration Debug for project DDS-generator ****
make -j4 all 
arm-none-eabi-gcc "../Core/Src/main.c" -mcpu=cortex-m4 -std=gnu11 -g3 -DDEBUG -DUSE_HAL_DRIVER -DSTM32F407xx -c -I../Core/Inc -I../Drivers/STM32F4xx_HAL_Driver/Inc -I../Drivers/STM32F4xx_HAL_Driver/Inc/Legacy -I../Drivers/CMSIS/Device/ST/STM32F4xx/Include -I../Drivers/CMSIS/Include -O0 -ffunction-sections -fdata-sections -Wall -fstack-usage -MMD -MP -MF"Core/Src/main.d" -MT"Core/Src/main.o" --specs=nano.specs -mfpu=fpv4-sp-d16 -mfloat-abi=hard -mthumb -o "Core/Src/main.o"
../Core/Src/main.c: In function 'HAL_TIM_PeriodElapsedCallback':
../Core/Src/main.c:490:4: warning: implicit declaration of function '_NOP' [-Wimplicit-function-declaration]
  490 |    _NOP();
      |    ^~~~
../Core/Src/main.c: At top level:
../Core/Src/main.c:201:13: warning: 'dds_freq_increment' declared 'static' but never defined [-Wunused-function]
  201 | static void dds_freq_increment();
      |             ^~~~~~~~~~~~~~~~~~
arm-none-eabi-gcc -o "DDS-generator.elf" @"objects.list"   -mcpu=cortex-m4 -T"D:\GitHub\DSP-Architecture-Lab\DAC\CubeIDE-ver\DDS-generator\STM32F407VGTX_FLASH.ld" --specs=nosys.specs -Wl,-Map="DDS-generator.map" -Wl,--gc-sections -static --specs=nano.specs -mfpu=fpv4-sp-d16 -mfloat-abi=hard -mthumb -Wl,--start-group -lc -lm -Wl,--end-group
c:\st\stm32cubeide_1.7.0\stm32cubeide\plugins\com.st.stm32cube.ide.mcu.externaltools.gnu-tools-for-stm32.9-2020-q2-update.win32_2.0.0.202105311346\tools\arm-none-eabi\bin\ld.exe: ./Core/Src/main.o: in function `HAL_TIM_PeriodElapsedCallback':
D:/GitHub/DSP-Architecture-Lab/DAC/CubeIDE-ver/DDS-generator/Debug/../Core/Src/main.c:490: undefined reference to `_NOP'
collect2.exe: error: ld returned 1 exit status
make: *** [makefile:65: DDS-generator.elf] Error 1
"make -j4 all" terminated with exit code 2. Build might be incomplete.
09:34:07 **** Incremental Build of configuration Debug for project DDS-generator ****
make -j4 all 
arm-none-eabi-gcc "../Core/Src/main.c" -mcpu=cortex-m4 -std=gnu11 -g3 -DDEBUG -DUSE_HAL_DRIVER -DSTM32F407xx -c -I../Core/Inc -I../Drivers/STM32F4xx_HAL_Driver/Inc -I../Drivers/STM32F4xx_HAL_Driver/Inc/Legacy -I../Drivers/CMSIS/Device/ST/STM32F4xx/Include -I../Drivers/CMSIS/Include -O0 -ffunction-sections -fdata-sections -Wall -fstack-usage -MMD -MP -MF"Core/Src/main.d" -MT"Core/Src/main.o" --specs=nano.specs -mfpu=fpv4-sp-d16 -mfloat-abi=hard -mthumb -o "Core/Src/main.o"
../Core/Src/main.c: In function 'HAL_TIM_PeriodElapsedCallback':
../Core/Src/main.c:490:12: warning: unused variable 'test' [-Wunused-variable]
  490 |    uint8_t test = 1;
      |            ^~~~
../Core/Src/main.c: At top level:
../Core/Src/main.c:201:13: warning: 'dds_freq_increment' declared 'static' but never defined [-Wunused-function]
  201 | static void dds_freq_increment();
      |             ^~~~~~~~~~~~~~~~~~
arm-none-eabi-gcc -o "DDS-generator.elf" @"objects.list"   -mcpu=cortex-m4 -T"D:\GitHub\DSP-Architecture-Lab\DAC\CubeIDE-ver\DDS-generator\STM32F407VGTX_FLASH.ld" --specs=nosys.specs -Wl,-Map="DDS-generator.map" -Wl,--gc-sections -static --specs=nano.specs -mfpu=fpv4-sp-d16 -mfloat-abi=hard -mthumb -Wl,--start-group -lc -lm -Wl,--end-group
Finished building target: DDS-generator.elf
 
arm-none-eabi-size   DDS-generator.elf 
arm-none-eabi-objdump -h -S  DDS-generator.elf  > "DDS-generator.list"
arm-none-eabi-objcopy  -O binary  DDS-generator.elf  "DDS-generator.bin"
   text	   data	    bss	    dec	    hex	filename
  12288	   2084	   1804	  16176	   3f30	DDS-generator.elf
Finished building: default.size.stdout
 
Finished building: DDS-generator.bin
 
Finished building: DDS-generator.list
 
09:34:23 **** Incremental Build of configuration Debug for project DDS-generator ****
make -j4 all 
arm-none-eabi-gcc "../Core/Src/main.c" -mcpu=cortex-m4 -std=gnu11 -g3 -DDEBUG -DUSE_HAL_DRIVER -DSTM32F407xx -c -I../Core/Inc -I../Drivers/STM32F4xx_HAL_Driver/Inc -I../Drivers/STM32F4xx_HAL_Driver/Inc/Legacy -I../Drivers/CMSIS/Device/ST/STM32F4xx/Include -I../Drivers/CMSIS/Include -O0 -ffunction-sections -fdata-sections -Wall -fstack-usage -MMD -MP -MF"Core/Src/main.d" -MT"Core/Src/main.o" --specs=nano.specs -mfpu=fpv4-sp-d16 -mfloat-abi=hard -mthumb -o "Core/Src/main.o"
../Core/Src/main.c: In function 'HAL_TIM_PeriodElapsedCallback':
../Core/Src/main.c:490:12: warning: unused variable 'test' [-Wunused-variable]
  490 |    uint8_t test = 1;
      |            ^~~~
../Core/Src/main.c: At top level:
../Core/Src/main.c:201:13: warning: 'dds_sweep_increment' declared 'static' but never defined [-Wunused-function]
  201 | static void dds_sweep_increment();
      |             ^~~~~~~~~~~~~~~~~~~
arm-none-eabi-gcc -o "DDS-generator.elf" @"objects.list"   -mcpu=cortex-m4 -T"D:\GitHub\DSP-Architecture-Lab\DAC\CubeIDE-ver\DDS-generator\STM32F407VGTX_FLASH.ld" --specs=nosys.specs -Wl,-Map="DDS-generator.map" -Wl,--gc-sections -static --specs=nano.specs -mfpu=fpv4-sp-d16 -mfloat-abi=hard -mthumb -Wl,--start-group -lc -lm -Wl,--end-group
Finished building target: DDS-generator.elf
 
arm-none-eabi-size   DDS-generator.elf 
arm-none-eabi-objdump -h -S  DDS-generator.elf  > "DDS-generator.list"
arm-none-eabi-objcopy  -O binary  DDS-generator.elf  "DDS-generator.bin"
   text	   data	    bss	    dec	    hex	filename
  12288	   2084	   1804	  16176	   3f30	DDS-generator.elf
Finished building: default.size.stdout
 
Finished building: DDS-generator.bin
 
Finished building: DDS-generator.list
 
09:34:44 **** Incremental Build of configuration Debug for project DDS-generator ****
make -j4 all 
arm-none-eabi-gcc "../Core/Src/main.c" -mcpu=cortex-m4 -std=gnu11 -g3 -DDEBUG -DUSE_HAL_DRIVER -DSTM32F407xx -c -I../Core/Inc -I../Drivers/STM32F4xx_HAL_Driver/Inc -I../Drivers/STM32F4xx_HAL_Driver/Inc/Legacy -I../Drivers/CMSIS/Device/ST/STM32F4xx/Include -I../Drivers/CMSIS/Include -O0 -ffunction-sections -fdata-sections -Wall -fstack-usage -MMD -MP -MF"Core/Src/main.d" -MT"Core/Src/main.o" --specs=nano.specs -mfpu=fpv4-sp-d16 -mfloat-abi=hard -mthumb -o "Core/Src/main.o"
../Core/Src/main.c: In function 'HAL_TIM_PeriodElapsedCallback':
../Core/Src/main.c:490:12: warning: unused variable 'test' [-Wunused-variable]
  490 |    uint8_t test = 1;
      |            ^~~~
arm-none-eabi-gcc -o "DDS-generator.elf" @"objects.list"   -mcpu=cortex-m4 -T"D:\GitHub\DSP-Architecture-Lab\DAC\CubeIDE-ver\DDS-generator\STM32F407VGTX_FLASH.ld" --specs=nosys.specs -Wl,-Map="DDS-generator.map" -Wl,--gc-sections -static --specs=nano.specs -mfpu=fpv4-sp-d16 -mfloat-abi=hard -mthumb -Wl,--start-group -lc -lm -Wl,--end-group
Finished building target: DDS-generator.elf
 
arm-none-eabi-size   DDS-generator.elf 
arm-none-eabi-objdump -h -S  DDS-generator.elf  > "DDS-generator.list"
arm-none-eabi-objcopy  -O binary  DDS-generator.elf  "DDS-generator.bin"
   text	   data	    bss	    dec	    hex	filename
  12288	   2084	   1804	  16176	   3f30	DDS-generator.elf
Finished building: default.size.stdout
 
Finished building: DDS-generator.bin
 
Finished building: DDS-generator.list
 
09:35:39 **** Incremental Build of configuration Debug for project DDS-generator ****
make -j4 all 
arm-none-eabi-size   DDS-generator.elf 
   text	   data	    bss	    dec	    hex	filename
  12288	   2084	   1804	  16176	   3f30	DDS-generator.elf
Finished building: default.size.stdout
 
09:46:19 **** Incremental Build of configuration Debug for project DDS-generator ****
make -j4 all 
arm-none-eabi-gcc "../Core/Src/main.c" -mcpu=cortex-m4 -std=gnu11 -g3 -DDEBUG -DUSE_HAL_DRIVER -DSTM32F407xx -c -I../Core/Inc -I../Drivers/STM32F4xx_HAL_Driver/Inc -I../Drivers/STM32F4xx_HAL_Driver/Inc/Legacy -I../Drivers/CMSIS/Device/ST/STM32F4xx/Include -I../Drivers/CMSIS/Include -O0 -ffunction-sections -fdata-sections -Wall -fstack-usage -MMD -MP -MF"Core/Src/main.d" -MT"Core/Src/main.o" --specs=nano.specs -mfpu=fpv4-sp-d16 -mfloat-abi=hard -mthumb -o "Core/Src/main.o"
../Core/Src/main.c: In function 'HAL_TIM_PeriodElapsedCallback':
../Core/Src/main.c:490:12: warning: unused variable 'test' [-Wunused-variable]
  490 |    uint8_t test = 1;
      |            ^~~~
arm-none-eabi-gcc -o "DDS-generator.elf" @"objects.list"   -mcpu=cortex-m4 -T"D:\GitHub\DSP-Architecture-Lab\DAC\CubeIDE-ver\DDS-generator\STM32F407VGTX_FLASH.ld" --specs=nosys.specs -Wl,-Map="DDS-generator.map" -Wl,--gc-sections -static --specs=nano.specs -mfpu=fpv4-sp-d16 -mfloat-abi=hard -mthumb -Wl,--start-group -lc -lm -Wl,--end-group
Finished building target: DDS-generator.elf
 
arm-none-eabi-size   DDS-generator.elf 
arm-none-eabi-objdump -h -S  DDS-generator.elf  > "DDS-generator.list"
arm-none-eabi-objcopy  -O binary  DDS-generator.elf  "DDS-generator.bin"
   text	   data	    bss	    dec	    hex	filename
  12288	   2084	   1804	  16176	   3f30	DDS-generator.elf
Finished building: default.size.stdout
 
Finished building: DDS-generator.bin
 
Finished building: DDS-generator.list
 
09:46:34 **** Incremental Build of configuration Debug for project DDS-generator ****
make -j4 all 
arm-none-eabi-gcc "../Core/Src/main.c" -mcpu=cortex-m4 -std=gnu11 -g3 -DDEBUG -DUSE_HAL_DRIVER -DSTM32F407xx -c -I../Core/Inc -I../Drivers/STM32F4xx_HAL_Driver/Inc -I../Drivers/STM32F4xx_HAL_Driver/Inc/Legacy -I../Drivers/CMSIS/Device/ST/STM32F4xx/Include -I../Drivers/CMSIS/Include -O0 -ffunction-sections -fdata-sections -Wall -fstack-usage -MMD -MP -MF"Core/Src/main.d" -MT"Core/Src/main.o" --specs=nano.specs -mfpu=fpv4-sp-d16 -mfloat-abi=hard -mthumb -o "Core/Src/main.o"
arm-none-eabi-gcc -o "DDS-generator.elf" @"objects.list"   -mcpu=cortex-m4 -T"D:\GitHub\DSP-Architecture-Lab\DAC\CubeIDE-ver\DDS-generator\STM32F407VGTX_FLASH.ld" --specs=nosys.specs -Wl,-Map="DDS-generator.map" -Wl,--gc-sections -static --specs=nano.specs -mfpu=fpv4-sp-d16 -mfloat-abi=hard -mthumb -Wl,--start-group -lc -lm -Wl,--end-group
Finished building target: DDS-generator.elf
 
arm-none-eabi-size   DDS-generator.elf 
arm-none-eabi-objdump -h -S  DDS-generator.elf  > "DDS-generator.list"
arm-none-eabi-objcopy  -O binary  DDS-generator.elf  "DDS-generator.bin"
   text	   data	    bss	    dec	    hex	filename
  12264	   2084	   1804	  16152	   3f18	DDS-generator.elf
Finished building: default.size.stdout
 
Finished building: DDS-generator.bin
 
Finished building: DDS-generator.list
 
